<html>
<body>
<pre>
<h1>礦ision Build Log</h1>
<h2>Tool Versions:</h2>
IDE-Version: μVision V5.18.0.0
Copyright (C) 2016 ARM Ltd and ARM Germany GmbH. All rights reserved.
License Information: 1111111111 Administrator, 111111111111, LIC=585FJ-U1FLE-MMP9I-T3M7H-74GUA-BESDJ
 
Tool Versions:
Toolchain:       MDK-ARM Standard  Version: 5.18
Toolchain Path:  F:\keil\ARM\ARMCC\Bin
C Compiler:      Armcc.exe V5.06 update 1 (build 61)
Assembler:       Armasm.exe V5.06 update 1 (build 61)
Linker/Locator:  ArmLink.exe V5.06 update 1 (build 61)
Library Manager: ArmAr.exe V5.06 update 1 (build 61)
Hex Converter:   FromElf.exe V5.06 update 1 (build 61)
CPU DLL:         SARMCM3.DLL V5.18
Dialog DLL:      DCM.DLL V1.13.6.0
Target DLL:      STLink\ST-LINKIII-KEIL_SWO.dll V2.0.18.0
Dialog DLL:      TCM.DLL V1.14.8.0
 
<h2>Project:</h2>
E:\项目\指纹国赛\4 单片机代码\5-16进制转字符\USER\BKM32.uvprojx
Project File Date:  08/10/2022

<h2>Output:</h2>
*** Using Compiler 'V5.06 update 1 (build 61)', folder: 'F:\keil\ARM\ARMCC\Bin'
Rebuild target 'Template'
assembling startup_stm32f10x_hd.s...
compiling core_cm3.c...
compiling stm32f10x_it.c...
compiling system_stm32f10x.c...
compiling misc.c...
compiling delay.c...
compiling main.c...
main.c(18): warning:  #177-D: variable "i" was declared but never referenced
  	u8 i;
main.c: 1 warning, 0 errors
compiling sys.c...
compiling stm32f10x_adc.c...
compiling stm32f10x_cec.c...
compiling stm32f10x_dbgmcu.c...
compiling stm32f10x_crc.c...
compiling stm32f10x_bkp.c...
compiling stm32f10x_dac.c...
compiling stm32f10x_can.c...
compiling stm32f10x_dma.c...
compiling stm32f10x_iwdg.c...
compiling stm32f10x_exti.c...
compiling stm32f10x_gpio.c...
compiling stm32f10x_i2c.c...
compiling stm32f10x_fsmc.c...
compiling stm32f10x_pwr.c...
compiling stm32f10x_flash.c...
compiling stm32f10x_wwdg.c...
compiling stm32f10x_spi.c...
compiling stm32f10x_rtc.c...
compiling stm32f10x_rcc.c...
compiling stm32f10x_sdio.c...
compiling stm32f10x_usart.c...
compiling stm32f10x_tim.c...
compiling timer.c...
compiling usart1.c...
compiling key.c...
compiling USART2.c...
compiling oled_iic.c...
compiling as608.c...
..\HARDWARE\AS608\as608.c(762): warning:  #177-D: variable "seach" was declared but never referenced
    SearchResult seach;
..\HARDWARE\AS608\as608.c(763): warning:  #177-D: variable "cishu" was declared but never referenced
    u8 i=0,ensure,cishu=0;;
..\HARDWARE\AS608\as608.c(764): warning:  #177-D: variable "str" was declared but never referenced
    char str[20];
..\HARDWARE\AS608\as608.c(908): warning:  #177-D: variable "ensure" was declared but never referenced
    u8  ensure;
..\HARDWARE\AS608\as608.c(909): warning:  #177-D: variable "data" was declared but never referenced
    u8  *data;
..\HARDWARE\AS608\as608.c(957): warning:  #186-D: pointless comparison of unsigned integer with zero
      if((hex>=0x00)&&(hex<=0x09))
..\HARDWARE\AS608\as608.c: 6 warnings, 0 errors
linking...
Program Size: Code=6632 RO-data=336 RW-data=3252 ZI-data=21476  
FromELF: creating hex file...
"..\OBJ\BKM32.axf" - 0 Error(s), 7 Warning(s).

<h2>Collection of Component include folders:</h2>
  E:\项目\指纹国赛\4 单片机代码\5-16进制转字符\USER\RTE
  F:\keil\ARM\PACK\Keil\STM32F1xx_DFP\2.1.0\Device\Include

<h2>Collection of Component Files used:</h2>
Build Time Elapsed:  00:00:06
</pre>
</body>
</html>
